// Jest Snapshot v1, https://goo.gl/fbAQLP

exports[`i18n context I18nContext should be an i18n context 1`] = `
<div>
  foo
</div>
`;
