// Jest Snapshot v1, https://goo.gl/fbAQLP

exports[`apollo client should fetch query 1`] = `"{\\"variables\\":{},\\"query\\":\\"{\\\\n  foo {\\\\n    foo\\\\n    __typename\\\\n  }\\\\n}\\\\n\\"}"`;
